
> qimmah@1.0.0 test:release:convergence
> node scripts/release/run-release-convergence.mjs

══════════════════════════════════════════════════════════════════════════════
  QIMMAH RELEASE CONVERGENCE
  HEAD      : 8fc9414bc38e4cbf7e12250e007b49f75cbfd579
  subject   : feat(duration): [SOVEREIGN-003] الرئيسية تستهلك المقدِّر الواحد بإحمائها — والمقارنة متاحة لا مركَّبة
  started   : 2026-08-22T17:39:34.009Z
══════════════════════════════════════════════════════════════════════════════

▶ building artifact "prod" …
vite v6.4.3 building for production...
transforming...
✓ 2644 modules transformed.
rendering chunks...
[plugin vite:reporter] 
(!) /Users/ziyad/qimmah-deploy/src/lib/onboardingProfile.ts is dynamically imported by /Users/ziyad/qimmah-deploy/src/lib/customization.ts but also statically imported by /Users/ziyad/qimmah-deploy/src/App.tsx, /Users/ziyad/qimmah-deploy/src/lib/declaredGoalWording.ts, /Users/ziyad/qimmah-deploy/src/lib/onboardingSync.ts, /Users/ziyad/qimmah-deploy/src/lib/portability/registry.ts, /Users/ziyad/qimmah-deploy/src/lib/profileV2Model.ts, /Users/ziyad/qimmah-deploy/src/lib/syncService.ts, /Users/ziyad/qimmah-deploy/src/lib/todayV2Model.ts, /Users/ziyad/qimmah-deploy/src/views/OnboardingV2.tsx, /Users/ziyad/qimmah-deploy/src/views/SetupView.tsx, dynamic import will not move module into another chunk.

computing gzip size...
dist-release/prod/index.html                                                      5.79 kB │ gzip:   2.08 kB
dist-release/prod/assets/tajawal-arabic-900-normal-MgmkhdPX.woff2                 8.70 kB
dist-release/prod/assets/tajawal-arabic-400-normal-CyCXRvzh.woff2                 8.93 kB
dist-release/prod/assets/tajawal-arabic-500-normal-BZ8ojJNu.woff2                 8.94 kB
dist-release/prod/assets/tajawal-arabic-700-normal-D2-eand5.woff2                 9.02 kB
dist-release/prod/assets/tajawal-arabic-800-normal-TQp-UTiE.woff2                 9.45 kB
dist-release/prod/assets/tajawal-latin-500-normal-CoYeBiSI.woff2                  9.90 kB
dist-release/prod/assets/tajawal-latin-700-normal-BypgxfGb.woff2                 10.00 kB
dist-release/prod/assets/tajawal-latin-900-normal-DURQZvFY.woff2                 10.22 kB
dist-release/prod/assets/tajawal-latin-400-normal-BVNSOH3d.woff2                 10.26 kB
dist-release/prod/assets/readex-pro-arabic-700-normal-EXBdNfUG.woff2             10.36 kB
dist-release/prod/assets/readex-pro-arabic-600-normal-BHxn1TEo.woff2             10.40 kB
dist-release/prod/assets/tajawal-latin-800-normal-CmI34b-g.woff2                 10.58 kB
dist-release/prod/assets/tajawal-arabic-900-normal-CHO_pm7-.woff                 11.84 kB
dist-release/prod/assets/tajawal-arabic-500-normal-CbVEaYEW.woff                 11.88 kB
dist-release/prod/assets/tajawal-arabic-400-normal-DCQxawbB.woff                 12.01 kB
dist-release/prod/assets/tajawal-arabic-700-normal-9L7Zusdl.woff                 12.16 kB
dist-release/prod/assets/tajawal-arabic-800-normal-Bp_4IW2m.woff                 12.59 kB
dist-release/prod/assets/readex-pro-arabic-700-normal-CrhlwrkQ.woff              12.79 kB
dist-release/prod/assets/tajawal-latin-500-normal-DU9v6xgj.woff                  13.02 kB
dist-release/prod/assets/readex-pro-arabic-600-normal-9mhVJBMn.woff              13.02 kB
dist-release/prod/assets/tajawal-latin-700-normal-CV3bxpHe.woff                  13.16 kB
dist-release/prod/assets/tajawal-latin-900-normal-BsVXXeFR.woff                  13.27 kB
dist-release/prod/assets/tajawal-latin-400-normal-BdYcZznU.woff                  13.46 kB
dist-release/prod/assets/tajawal-latin-800-normal-Dm5jVIIh.woff                  13.71 kB
dist-release/prod/assets/readex-pro-latin-700-normal-oqSerPEB.woff2              14.98 kB
dist-release/prod/assets/readex-pro-latin-600-normal-C3IhmgOg.woff2              15.08 kB
dist-release/prod/assets/ibm-plex-sans-arabic-latin-400-normal-sbZiljcy.woff     18.29 kB
dist-release/prod/assets/ibm-plex-sans-arabic-latin-700-normal-C6QlO9CN.woff     18.58 kB
dist-release/prod/assets/readex-pro-latin-700-normal-L_HvUYJT.woff               18.82 kB
dist-release/prod/assets/readex-pro-latin-600-normal-CeYg1m9V.woff               18.91 kB
dist-release/prod/assets/ibm-plex-sans-arabic-latin-400-normal-Bo5KPYvw.woff2    19.16 kB
dist-release/prod/assets/ibm-plex-sans-arabic-latin-500-normal-BKKTaxl1.woff     19.49 kB
dist-release/prod/assets/ibm-plex-sans-arabic-latin-700-normal-BzSf6GNr.woff2    19.50 kB
dist-release/prod/assets/ibm-plex-sans-arabic-latin-600-normal-5MnVa4PS.woff     19.72 kB
dist-release/prod/assets/ibm-plex-sans-arabic-latin-500-normal-Cd6jVIg7.woff2    20.09 kB
dist-release/prod/assets/ibm-plex-sans-arabic-latin-600-normal-KrqB56Mw.woff2    20.50 kB
dist-release/prod/assets/jetbrains-mono-latin-400-normal-V6pRDFza.woff2          21.17 kB
dist-release/prod/assets/jetbrains-mono-latin-500-normal-BWZEU5yA.woff2          21.83 kB
dist-release/prod/assets/jetbrains-mono-latin-600-normal-C8RAYTDA.woff2          21.86 kB
dist-release/prod/assets/jetbrains-mono-latin-400-normal-6-qcROiO.woff           27.50 kB
dist-release/prod/assets/jetbrains-mono-latin-600-normal-BfsvjouI.woff           28.18 kB
dist-release/prod/assets/jetbrains-mono-latin-500-normal-CJOVTJB7.woff           28.21 kB
dist-release/prod/assets/ibm-plex-sans-arabic-arabic-400-normal-CyU-ddYS.woff2   42.85 kB
dist-release/prod/assets/ibm-plex-sans-arabic-arabic-700-normal-DrtBj6UE.woff2   44.28 kB
dist-release/prod/assets/ibm-plex-sans-arabic-arabic-500-normal-C4MQITzh.woff2   45.30 kB
dist-release/prod/assets/ibm-plex-sans-arabic-arabic-600-normal-0pRdybE_.woff2   45.69 kB
dist-release/prod/assets/ibm-plex-sans-arabic-arabic-400-normal-CZLC1jgY.woff    47.26 kB
dist-release/prod/assets/ibm-plex-sans-arabic-arabic-700-normal-COV7B1nq.woff    47.43 kB
dist-release/prod/assets/ibm-plex-sans-arabic-arabic-600-normal-B3qNl98V.woff    49.94 kB
dist-release/prod/assets/ibm-plex-sans-arabic-arabic-500-normal-XmtXq_5I.woff    50.11 kB
dist-release/prod/assets/index-BMb3WcK6.css                                      91.00 kB │ gzip:  15.99 kB
dist-release/prod/assets/demoMode-DMuI80oh.js                                     0.13 kB │ gzip:   0.13 kB
dist-release/prod/assets/workoutSessions-DRHBfNrK.js                              0.18 kB │ gzip:   0.16 kB
dist-release/prod/assets/web-BXqjyze-.js                                          0.22 kB │ gzip:   0.18 kB
dist-release/prod/assets/ExerciseName-TjbtZtra.js                                 0.38 kB │ gzip:   0.25 kB
dist-release/prod/assets/index-VM_7MAgI.js                                        0.40 kB │ gzip:   0.28 kB
dist-release/prod/assets/passwordPolicy-Bi6tsFTi.js                               0.42 kB │ gzip:   0.29 kB
dist-release/prod/assets/resetQimmah-CmRutKaA.js                                  0.42 kB │ gzip:   0.29 kB
dist-release/prod/assets/index-DpwKyESG.js                                        0.42 kB │ gzip:   0.29 kB
dist-release/prod/assets/AppLoading-UF2NgMUX.js                                   0.47 kB │ gzip:   0.34 kB
dist-release/prod/assets/index-D-JduKAd.js                                        0.53 kB │ gzip:   0.31 kB
dist-release/prod/assets/index-D6TSQ4pC.js                                        0.55 kB │ gzip:   0.31 kB
dist-release/prod/assets/progressStats-B6IKUI_S.js                                0.72 kB │ gzip:   0.46 kB
dist-release/prod/assets/useAchievements-CMRbep15.js                              0.75 kB │ gzip:   0.44 kB
dist-release/prod/assets/index-eTgRpS_0.js                                        0.75 kB │ gzip:   0.45 kB
dist-release/prod/assets/index-CqUG1MS3.js                                        0.80 kB │ gzip:   0.43 kB
dist-release/prod/assets/TermsView-CrECGI_V.js                                    0.81 kB │ gzip:   0.46 kB
dist-release/prod/assets/PrivacyView-Dha8FeBw.js                                  0.81 kB │ gzip:   0.46 kB
dist-release/prod/assets/custom-error-a-nY_hhY.js                                 0.86 kB │ gzip:   0.48 kB
dist-release/prod/assets/nativeFeedback-B-uvsxTa.js                               0.87 kB │ gzip:   0.52 kB
dist-release/prod/assets/today-WF-f8wxe.js                                        0.90 kB │ gzip:   0.57 kB
dist-release/prod/assets/web-HTPwpUfb.js                                          0.94 kB │ gzip:   0.45 kB
dist-release/prod/assets/installState-G5VERtyc.js                                 0.97 kB │ gzip:   0.52 kB
dist-release/prod/assets/firstWin-C7G23Lyd.js                                     1.07 kB │ gzip:   0.55 kB
dist-release/prod/assets/web-DdoKzEJE.js                                          1.10 kB │ gzip:   0.53 kB
dist-release/prod/assets/measurementLog-BZJrpI7-.js                               1.16 kB │ gzip:   0.59 kB
dist-release/prod/assets/StandaloneAppScreen-BK6CPxs1.js                          1.21 kB │ gzip:   0.67 kB
dist-release/prod/assets/streaks-BU7yK9b1.js                                      1.25 kB │ gzip:   0.68 kB
dist-release/prod/assets/policyCopy-Br1Xzt5h.js                                   1.35 kB │ gzip:   0.67 kB
dist-release/prod/assets/NumericInput-B4uTRIcA.js                                 1.35 kB │ gzip:   0.81 kB
dist-release/prod/assets/ContactView-ba1Vfcfq.js                                  1.49 kB │ gzip:   0.69 kB
dist-release/prod/assets/workoutSessionEngine-aUHCSaAm.js                         1.57 kB │ gzip:   0.81 kB
dist-release/prod/assets/NotFoundView-CmZJZ5S7.js                                 1.60 kB │ gzip:   0.74 kB
dist-release/prod/assets/SuccessToast-BJWH0B4A.js                                 1.65 kB │ gzip:   0.89 kB
dist-release/prod/assets/AccountRequiredView-Cfz2gtUc.js                          1.73 kB │ gzip:   0.77 kB
dist-release/prod/assets/exerciseHistory-BaIDDVcq.js                              1.87 kB │ gzip:   0.91 kB
dist-release/prod/assets/stepCounter-DqPQv1R4.js                                  2.39 kB │ gzip:   1.05 kB
dist-release/prod/assets/VerifyEmailView-B7YDD6b2.js                              2.42 kB │ gzip:   1.22 kB
dist-release/prod/assets/StateBlock-CjlzTR2u.js                                   2.52 kB │ gzip:   0.98 kB
dist-release/prod/assets/warmup-CadLJgDO.js                                       2.70 kB │ gzip:   1.31 kB
dist-release/prod/assets/easySession-BztB0nCg.js                                  3.03 kB │ gzip:   1.45 kB
dist-release/prod/assets/validation-BA2wdEQU.js                                   3.35 kB │ gzip:   1.48 kB
dist-release/prod/assets/web-DuKMYry-.js                                          3.55 kB │ gzip:   1.16 kB
dist-release/prod/assets/planRationale-DXcj_52L.js                                3.78 kB │ gzip:   1.43 kB
dist-release/prod/assets/nutritionTracking-D5xtPcD0.js                            3.81 kB │ gzip:   1.68 kB
dist-release/prod/assets/muscleCoverage-B9k9Iav3.js                               3.86 kB │ gzip:   1.79 kB
dist-release/prod/assets/injurySafety-hIPs0XXv.js                                 4.68 kB │ gzip:   1.85 kB
dist-release/prod/assets/healthKit-C7U-rKNC.js                                    4.90 kB │ gzip:   1.38 kB
dist-release/prod/assets/workoutCalendar-wz6jQsVR.js                              5.09 kB │ gzip:   2.06 kB
dist-release/prod/assets/nutritionScreen-BOEqmC5k.js                              5.13 kB │ gzip:   2.07 kB
dist-release/prod/assets/ResetPasswordView-CqTmWBFj.js                            5.17 kB │ gzip:   1.92 kB
dist-release/prod/assets/AchievementToaster-CFZQS2wy.js                           5.38 kB │ gzip:   2.28 kB
dist-release/prod/assets/library-DeSjiajm.js                                      6.25 kB │ gzip:   2.44 kB
dist-release/prod/assets/historyStore-Bdebq8aH.js                                 6.43 kB │ gzip:   2.02 kB
dist-release/prod/assets/LoginView-H4U5Chnt.js                                    8.17 kB │ gzip:   2.90 kB
dist-release/prod/assets/machineCatalog-BhB4JVVm.js                               9.28 kB │ gzip:   2.04 kB
dist-release/prod/assets/engine-C4LC0112.js                                       9.44 kB │ gzip:   3.32 kB
dist-release/prod/assets/RecoveryView-gkrkyN-w.js                                11.05 kB │ gzip:   4.04 kB
dist-release/prod/assets/index-Bnv93w1y.js                                       11.84 kB │ gzip:   4.87 kB
dist-release/prod/assets/StepsView-CNUnMEJw.js                                   12.64 kB │ gzip:   4.58 kB
dist-release/prod/assets/ScanFoodPanel-R-0PkJw5.js                               12.84 kB │ gzip:   5.19 kB
dist-release/prod/assets/MobileShell-ClIQXdHe.js                                 13.12 kB │ gzip:   5.00 kB
dist-release/prod/assets/PremiumGate-eFTtObhI.js                                 13.59 kB │ gzip:   4.80 kB
dist-release/prod/assets/CalcExplainerView-oRmMi5c6.js                           13.61 kB │ gzip:   3.99 kB
dist-release/prod/assets/MyStatsView-BdOSVkZx.js                                 13.89 kB │ gzip:   4.92 kB
dist-release/prod/assets/guard-TiBvTPGX.js                                       15.15 kB │ gzip:   4.05 kB
dist-release/prod/assets/planGenerator-DRZhvr75.js                               20.79 kB │ gzip:   7.31 kB
dist-release/prod/assets/SettingsView-C19Kz0Ok.js                                25.98 kB │ gzip:   6.73 kB
dist-release/prod/assets/settingsPreferences-CVAx17WR.js                         28.37 kB │ gzip:   9.88 kB
dist-release/prod/assets/eCalc-C9p40vRe.js                                       40.53 kB │ gzip:  12.83 kB
dist-release/prod/assets/NutritionView-BPwpb6Ce.js                               41.70 kB │ gzip:  13.15 kB
dist-release/prod/assets/BodyModel3D-CQwh66U4.js                                 42.58 kB │ gzip:  16.32 kB
dist-release/prod/assets/vendor-icons-Bx6MXh7W.js                                46.69 kB │ gzip:   9.81 kB
dist-release/prod/assets/ExerciseMedia-C2rYGBwo.js                               49.70 kB │ gzip:   6.04 kB
dist-release/prod/assets/ProfileView-BLNeifCo.js                                 51.71 kB │ gzip:  15.11 kB
dist-release/prod/assets/CoachView-DwuTwpGr.js                                   53.60 kB │ gzip:  17.31 kB
dist-release/prod/assets/ProgressView-BjiuyoZ9.js                                55.40 kB │ gzip:  17.06 kB
dist-release/prod/assets/DashboardView-ByQaIMS9.js                               60.47 kB │ gzip:  18.54 kB
dist-release/prod/assets/displayName-BkD6l7vP.js                                 72.15 kB │ gzip:  16.39 kB
dist-release/prod/assets/index-DWgSBTiN.js                                       89.69 kB │ gzip:  30.37 kB
dist-release/prod/assets/WorkoutView-DBbr55ki.js                                109.03 kB │ gzip:  28.71 kB
dist-release/prod/assets/index-D7s5olMc.js                                      115.92 kB │ gzip:  27.27 kB
dist-release/prod/assets/vendor-react-DBoTRrZA.js                               142.79 kB │ gzip:  45.68 kB
dist-release/prod/assets/feature-nutrition-catalog-m0sc84yn.js                  189.32 kB │ gzip:  31.42 kB
dist-release/prod/assets/index-Qj1tetv6.js                                      213.46 kB │ gzip:  55.27 kB
dist-release/prod/assets/SetupView-ByApnoWN.js                                  219.53 kB │ gzip:  55.33 kB
dist-release/prod/assets/index-C46jw8SP.js                                      301.11 kB │ gzip:  84.21 kB
dist-release/prod/assets/vendor-zxing-BboT-qY3.js                               443.38 kB │ gzip: 111.54 kB
dist-release/prod/assets/ExerciseLibraryView-Cz0ots4I.js                        471.40 kB │ gzip:  47.65 kB
✓ built in 5.70s

▶ building artifact "mock" …
vite v6.4.3 building for production...
transforming...
✓ 2644 modules transformed.
rendering chunks...
[plugin vite:reporter] 
(!) /Users/ziyad/qimmah-deploy/src/lib/onboardingProfile.ts is dynamically imported by /Users/ziyad/qimmah-deploy/src/lib/customization.ts but also statically imported by /Users/ziyad/qimmah-deploy/src/App.tsx, /Users/ziyad/qimmah-deploy/src/lib/declaredGoalWording.ts, /Users/ziyad/qimmah-deploy/src/lib/onboardingSync.ts, /Users/ziyad/qimmah-deploy/src/lib/portability/registry.ts, /Users/ziyad/qimmah-deploy/src/lib/profileV2Model.ts, /Users/ziyad/qimmah-deploy/src/lib/syncService.ts, /Users/ziyad/qimmah-deploy/src/lib/todayV2Model.ts, /Users/ziyad/qimmah-deploy/src/views/OnboardingV2.tsx, /Users/ziyad/qimmah-deploy/src/views/SetupView.tsx, dynamic import will not move module into another chunk.

computing gzip size...
dist-release/mock/index.html                                                      5.79 kB │ gzip:   2.08 kB
dist-release/mock/assets/tajawal-arabic-900-normal-MgmkhdPX.woff2                 8.70 kB
dist-release/mock/assets/tajawal-arabic-400-normal-CyCXRvzh.woff2                 8.93 kB
dist-release/mock/assets/tajawal-arabic-500-normal-BZ8ojJNu.woff2                 8.94 kB
dist-release/mock/assets/tajawal-arabic-700-normal-D2-eand5.woff2                 9.02 kB
dist-release/mock/assets/tajawal-arabic-800-normal-TQp-UTiE.woff2                 9.45 kB
dist-release/mock/assets/tajawal-latin-500-normal-CoYeBiSI.woff2                  9.90 kB
dist-release/mock/assets/tajawal-latin-700-normal-BypgxfGb.woff2                 10.00 kB
dist-release/mock/assets/tajawal-latin-900-normal-DURQZvFY.woff2                 10.22 kB
dist-release/mock/assets/tajawal-latin-400-normal-BVNSOH3d.woff2                 10.26 kB
dist-release/mock/assets/readex-pro-arabic-700-normal-EXBdNfUG.woff2             10.36 kB
dist-release/mock/assets/readex-pro-arabic-600-normal-BHxn1TEo.woff2             10.40 kB
dist-release/mock/assets/tajawal-latin-800-normal-CmI34b-g.woff2                 10.58 kB
dist-release/mock/assets/tajawal-arabic-900-normal-CHO_pm7-.woff                 11.84 kB
dist-release/mock/assets/tajawal-arabic-500-normal-CbVEaYEW.woff                 11.88 kB
dist-release/mock/assets/tajawal-arabic-400-normal-DCQxawbB.woff                 12.01 kB
dist-release/mock/assets/tajawal-arabic-700-normal-9L7Zusdl.woff                 12.16 kB
dist-release/mock/assets/tajawal-arabic-800-normal-Bp_4IW2m.woff                 12.59 kB
dist-release/mock/assets/readex-pro-arabic-700-normal-CrhlwrkQ.woff              12.79 kB
dist-release/mock/assets/tajawal-latin-500-normal-DU9v6xgj.woff                  13.02 kB
dist-release/mock/assets/readex-pro-arabic-600-normal-9mhVJBMn.woff              13.02 kB
dist-release/mock/assets/tajawal-latin-700-normal-CV3bxpHe.woff                  13.16 kB
dist-release/mock/assets/tajawal-latin-900-normal-BsVXXeFR.woff                  13.27 kB
dist-release/mock/assets/tajawal-latin-400-normal-BdYcZznU.woff                  13.46 kB
dist-release/mock/assets/tajawal-latin-800-normal-Dm5jVIIh.woff                  13.71 kB
dist-release/mock/assets/readex-pro-latin-700-normal-oqSerPEB.woff2              14.98 kB
dist-release/mock/assets/readex-pro-latin-600-normal-C3IhmgOg.woff2              15.08 kB
dist-release/mock/assets/ibm-plex-sans-arabic-latin-400-normal-sbZiljcy.woff     18.29 kB
dist-release/mock/assets/ibm-plex-sans-arabic-latin-700-normal-C6QlO9CN.woff     18.58 kB
dist-release/mock/assets/readex-pro-latin-700-normal-L_HvUYJT.woff               18.82 kB
dist-release/mock/assets/readex-pro-latin-600-normal-CeYg1m9V.woff               18.91 kB
dist-release/mock/assets/ibm-plex-sans-arabic-latin-400-normal-Bo5KPYvw.woff2    19.16 kB
dist-release/mock/assets/ibm-plex-sans-arabic-latin-500-normal-BKKTaxl1.woff     19.49 kB
dist-release/mock/assets/ibm-plex-sans-arabic-latin-700-normal-BzSf6GNr.woff2    19.50 kB
dist-release/mock/assets/ibm-plex-sans-arabic-latin-600-normal-5MnVa4PS.woff     19.72 kB
dist-release/mock/assets/ibm-plex-sans-arabic-latin-500-normal-Cd6jVIg7.woff2    20.09 kB
dist-release/mock/assets/ibm-plex-sans-arabic-latin-600-normal-KrqB56Mw.woff2    20.50 kB
dist-release/mock/assets/jetbrains-mono-latin-400-normal-V6pRDFza.woff2          21.17 kB
dist-release/mock/assets/jetbrains-mono-latin-500-normal-BWZEU5yA.woff2          21.83 kB
dist-release/mock/assets/jetbrains-mono-latin-600-normal-C8RAYTDA.woff2          21.86 kB
dist-release/mock/assets/jetbrains-mono-latin-400-normal-6-qcROiO.woff           27.50 kB
dist-release/mock/assets/jetbrains-mono-latin-600-normal-BfsvjouI.woff           28.18 kB
dist-release/mock/assets/jetbrains-mono-latin-500-normal-CJOVTJB7.woff           28.21 kB
dist-release/mock/assets/ibm-plex-sans-arabic-arabic-400-normal-CyU-ddYS.woff2   42.85 kB
dist-release/mock/assets/ibm-plex-sans-arabic-arabic-700-normal-DrtBj6UE.woff2   44.28 kB
dist-release/mock/assets/ibm-plex-sans-arabic-arabic-500-normal-C4MQITzh.woff2   45.30 kB
dist-release/mock/assets/ibm-plex-sans-arabic-arabic-600-normal-0pRdybE_.woff2   45.69 kB
dist-release/mock/assets/ibm-plex-sans-arabic-arabic-400-normal-CZLC1jgY.woff    47.26 kB
dist-release/mock/assets/ibm-plex-sans-arabic-arabic-700-normal-COV7B1nq.woff    47.43 kB
dist-release/mock/assets/ibm-plex-sans-arabic-arabic-600-normal-B3qNl98V.woff    49.94 kB
dist-release/mock/assets/ibm-plex-sans-arabic-arabic-500-normal-XmtXq_5I.woff    50.11 kB
dist-release/mock/assets/index-BMb3WcK6.css                                      91.00 kB │ gzip:  15.99 kB
dist-release/mock/assets/demoMode-DMuI80oh.js                                     0.13 kB │ gzip:   0.13 kB
dist-release/mock/assets/workoutSessions-DRHBfNrK.js                              0.18 kB │ gzip:   0.16 kB
dist-release/mock/assets/web-Ch78W_GP.js                                          0.22 kB │ gzip:   0.18 kB
dist-release/mock/assets/ExerciseName-CeDI41U1.js                                 0.38 kB │ gzip:   0.25 kB
dist-release/mock/assets/index-BToLk4mC.js                                        0.40 kB │ gzip:   0.28 kB
dist-release/mock/assets/passwordPolicy-Bi6tsFTi.js                               0.42 kB │ gzip:   0.29 kB
dist-release/mock/assets/resetQimmah-DfIapKw5.js                                  0.42 kB │ gzip:   0.29 kB
dist-release/mock/assets/index-BJAGN8RB.js                                        0.42 kB │ gzip:   0.29 kB
dist-release/mock/assets/AppLoading-CC1S25Tw.js                                   0.47 kB │ gzip:   0.33 kB
dist-release/mock/assets/index-DOFGy9Oe.js                                        0.53 kB │ gzip:   0.30 kB
dist-release/mock/assets/index-DTNM1V_1.js                                        0.55 kB │ gzip:   0.31 kB
dist-release/mock/assets/progressStats-DNCIMbM5.js                                0.72 kB │ gzip:   0.46 kB
dist-release/mock/assets/useAchievements-CgLQtw3Y.js                              0.75 kB │ gzip:   0.44 kB
dist-release/mock/assets/index-DzoSX6p6.js                                        0.75 kB │ gzip:   0.45 kB
dist-release/mock/assets/index-Bz9wn8cj.js                                        0.80 kB │ gzip:   0.43 kB
dist-release/mock/assets/TermsView-9lMAlJF-.js                                    0.81 kB │ gzip:   0.46 kB
dist-release/mock/assets/PrivacyView-BE5GR6LI.js                                  0.81 kB │ gzip:   0.47 kB
dist-release/mock/assets/custom-error-a-nY_hhY.js                                 0.86 kB │ gzip:   0.48 kB
dist-release/mock/assets/nativeFeedback-Dvj52ADd.js                               0.87 kB │ gzip:   0.52 kB
dist-release/mock/assets/today-WF-f8wxe.js                                        0.90 kB │ gzip:   0.57 kB
dist-release/mock/assets/web-De7geF6v.js                                          0.94 kB │ gzip:   0.45 kB
dist-release/mock/assets/installState-G5VERtyc.js                                 0.97 kB │ gzip:   0.52 kB
dist-release/mock/assets/firstWin-BZlc5XH7.js                                     1.07 kB │ gzip:   0.55 kB
dist-release/mock/assets/web-ChaOwbRW.js                                          1.10 kB │ gzip:   0.53 kB
dist-release/mock/assets/measurementLog-BZJrpI7-.js                               1.16 kB │ gzip:   0.59 kB
dist-release/mock/assets/StandaloneAppScreen-BaVs1rqv.js                          1.21 kB │ gzip:   0.67 kB
dist-release/mock/assets/streaks-BU7yK9b1.js                                      1.25 kB │ gzip:   0.68 kB
dist-release/mock/assets/policyCopy-Br1Xzt5h.js                                   1.35 kB │ gzip:   0.67 kB
dist-release/mock/assets/NumericInput-CAW8V13z.js                                 1.35 kB │ gzip:   0.80 kB
dist-release/mock/assets/ContactView-ah3VulEs.js                                  1.49 kB │ gzip:   0.69 kB
dist-release/mock/assets/workoutSessionEngine-Btq6FQEF.js                         1.57 kB │ gzip:   0.81 kB
dist-release/mock/assets/NotFoundView-CY8b8o-6.js                                 1.60 kB │ gzip:   0.74 kB
dist-release/mock/assets/SuccessToast-DV0S4Avo.js                                 1.65 kB │ gzip:   0.89 kB
dist-release/mock/assets/AccountRequiredView-B-Kbj4JK.js                          1.73 kB │ gzip:   0.77 kB
dist-release/mock/assets/exerciseHistory-BaIDDVcq.js                              1.87 kB │ gzip:   0.91 kB
dist-release/mock/assets/stepCounter-DERIBDRx.js                                  2.39 kB │ gzip:   1.05 kB
dist-release/mock/assets/VerifyEmailView-u7mzLGej.js                              2.42 kB │ gzip:   1.22 kB
dist-release/mock/assets/StateBlock-kN2Wp2Pa.js                                   2.52 kB │ gzip:   0.98 kB
dist-release/mock/assets/warmup-CadLJgDO.js                                       2.70 kB │ gzip:   1.31 kB
dist-release/mock/assets/easySession-CgcGaBV2.js                                  3.03 kB │ gzip:   1.45 kB
dist-release/mock/assets/validation-CINjSpRv.js                                   3.35 kB │ gzip:   1.48 kB
dist-release/mock/assets/web-DJ3srKmd.js                                          3.55 kB │ gzip:   1.16 kB
dist-release/mock/assets/planRationale-BncWvtxt.js                                3.78 kB │ gzip:   1.43 kB
dist-release/mock/assets/nutritionTracking-B1a0uK_1.js                            3.81 kB │ gzip:   1.68 kB
dist-release/mock/assets/muscleCoverage-CRSRqZSI.js                               3.86 kB │ gzip:   1.78 kB
dist-release/mock/assets/injurySafety-BWGZa8yx.js                                 4.68 kB │ gzip:   1.85 kB
dist-release/mock/assets/healthKit-BrTkQX46.js                                    4.90 kB │ gzip:   1.38 kB
dist-release/mock/assets/workoutCalendar-CfoleHrQ.js                              5.09 kB │ gzip:   2.06 kB
dist-release/mock/assets/nutritionScreen-BOEqmC5k.js                              5.13 kB │ gzip:   2.07 kB
dist-release/mock/assets/ResetPasswordView-ChoGkrg5.js                            5.17 kB │ gzip:   1.92 kB
dist-release/mock/assets/AchievementToaster-CgcUwx7V.js                           5.38 kB │ gzip:   2.28 kB
dist-release/mock/assets/library-DeSjiajm.js                                      6.25 kB │ gzip:   2.44 kB
dist-release/mock/assets/historyStore-Bdebq8aH.js                                 6.43 kB │ gzip:   2.02 kB
dist-release/mock/assets/LoginView-z9sI-RyF.js                                    8.17 kB │ gzip:   2.90 kB
dist-release/mock/assets/machineCatalog-91mXhDQv.js                               9.28 kB │ gzip:   2.04 kB
dist-release/mock/assets/engine-Bkd-ybNo.js                                       9.44 kB │ gzip:   3.32 kB
dist-release/mock/assets/RecoveryView-CnHW7GWd.js                                11.05 kB │ gzip:   4.04 kB
dist-release/mock/assets/index-Da0CTJLA.js                                       11.84 kB │ gzip:   4.87 kB
dist-release/mock/assets/StepsView-C0BvG6H7.js                                   12.64 kB │ gzip:   4.58 kB
dist-release/mock/assets/ScanFoodPanel-hvg_YT2z.js                               12.84 kB │ gzip:   5.19 kB
dist-release/mock/assets/MobileShell-BVVBlcnn.js                                 13.12 kB │ gzip:   5.00 kB
dist-release/mock/assets/PremiumGate-TmMpm9eE.js                                 13.59 kB │ gzip:   4.80 kB
dist-release/mock/assets/CalcExplainerView-BFGxUGxX.js                           13.61 kB │ gzip:   3.99 kB
dist-release/mock/assets/MyStatsView-CZQ1RbqW.js                                 13.89 kB │ gzip:   4.92 kB
dist-release/mock/assets/guard-TiBvTPGX.js                                       15.15 kB │ gzip:   4.05 kB
dist-release/mock/assets/planGenerator-CSLRJQFj.js                               20.79 kB │ gzip:   7.31 kB
dist-release/mock/assets/SettingsView-B20SwkeK.js                                25.98 kB │ gzip:   6.73 kB
dist-release/mock/assets/settingsPreferences-CYNt6EBA.js                         28.40 kB │ gzip:   9.90 kB
dist-release/mock/assets/eCalc-BnxHPTwi.js                                       40.53 kB │ gzip:  12.83 kB
dist-release/mock/assets/NutritionView-DqeK7C9a.js                               41.70 kB │ gzip:  13.15 kB
dist-release/mock/assets/BodyModel3D-C5BA0i0r.js                                 42.58 kB │ gzip:  16.32 kB
dist-release/mock/assets/vendor-icons-Bx6MXh7W.js                                46.69 kB │ gzip:   9.81 kB
dist-release/mock/assets/ExerciseMedia-D_ruiPee.js                               49.70 kB │ gzip:   6.04 kB
dist-release/mock/assets/ProfileView-zMQ197jX.js                                 51.71 kB │ gzip:  15.10 kB
dist-release/mock/assets/CoachView-CTapAqQk.js                                   53.60 kB │ gzip:  17.30 kB
dist-release/mock/assets/ProgressView-C_ylLBJr.js                                55.40 kB │ gzip:  17.06 kB
dist-release/mock/assets/DashboardView-C9mkFV_f.js                               60.47 kB │ gzip:  18.53 kB
dist-release/mock/assets/displayName-BlZC1-bP.js                                 72.15 kB │ gzip:  16.38 kB
dist-release/mock/assets/index-DWgSBTiN.js                                       89.69 kB │ gzip:  30.37 kB
dist-release/mock/assets/WorkoutView-u-8SqZc3.js                                109.03 kB │ gzip:  28.71 kB
dist-release/mock/assets/index-Cj2wnhmT.js                                      115.89 kB │ gzip:  27.27 kB
dist-release/mock/assets/vendor-react-DBoTRrZA.js                               142.79 kB │ gzip:  45.68 kB
dist-release/mock/assets/feature-nutrition-catalog-m0sc84yn.js                  189.32 kB │ gzip:  31.42 kB
dist-release/mock/assets/index-Qj1tetv6.js                                      213.46 kB │ gzip:  55.27 kB
dist-release/mock/assets/SetupView-BOdYnm2_.js                                  219.53 kB │ gzip:  55.33 kB
dist-release/mock/assets/index-Cm2OTP2s.js                                      298.64 kB │ gzip:  83.61 kB
dist-release/mock/assets/vendor-zxing-BboT-qY3.js                               443.38 kB │ gzip: 111.54 kB
dist-release/mock/assets/ExerciseLibraryView-LBXrbsf1.js                        471.40 kB │ gzip:  47.64 kB
✓ built in 5.39s
▶ serving "prod" at http://localhost:5411
▶ serving "mock" at http://localhost:5412
▶ engines: chromium 149.0.7827.55, webkit 26.5

──────────────────────────────────────────────────────────────────────────────
▶ static-bundle

  ── the test-entitlement seam must not exist in a production build
    ✓ no mock activation code string ships
    ✓ no entitlement-mock storage key ships
    ✓ no VITE_ENTITLEMENT_MODE reference ships
    ✓ counter-proof: the SAME scan does find the seam in the mock artifact

  ── no development or localhost endpoint ships
    ✓ no first-party localhost/loopback URL ships
    ✓ counter-proof: the loopback scan does detect URLs (it found the known vendor default)
    ✓ no staging/tunnel/dev host ships
    ✓ no source map ships
    ✓ no shipped file points at an external source map

  ── no secret material ships
    ✓ no Supabase service_role key ships
    ✓ no PEM private key ships
    ✓ no live secret key ships
    ✓ no GitHub token ships
    ✓ no AWS access key id ships

  ── the purchase binding that the commercial funnel depends on
    ✓ a Salla purchase destination ships at all
    ✓ the shipped destination is a PRODUCT URL, not just the store root
    ✓ no second, conflicting checkout destination ships
    ✓ counter-proof: a genuinely root-only artifact STILL fails the product-binding check
    ✓ counter-proof: the alphabet now survives percent-encoding, and the OLD one did not
    ✓ counter-proof: the match still stops at the closing quote (it is bounded, not greedy)

  ── forbidden Premium promises must not ship
    ✓ «مدى الحياة» does not ship
    ✓ "lifetime" does not ship
    ✓ «كل التحديثات الحالية والمستقبلية» does not ship

  ── shipped shell integrity
    ✓ index.html carries a verifiable build identity
    ✓ the service worker has its build placeholders substituted
    ✓ the artifact ships an offline/404 fallback

──────────────────────────────────────────────────────────────────────────────
▶ static-ledger

  ── every RESOLVED historical defect keeps its fix
    ✓ BUG-001 — Preview mutation handlers surfaced an exception instead of Premium
    ✓ BUG-002 — Live Progress route did not expose the maintained measurement experience
    ✓ BUG-003 — Three high transitive dependency advisories [tracked OPEN]
    ✓ BUG-004 — Setup ErrorBoundary could falsely complete a crashed onboarding
    ✓ BUG-005 — Error recovery lacked a support reference id
    ✓ BUG-006 — First-run question target was not met truthfully
    ✓ BUG-007 — Lowering age could leave a restricted adult goal selected
    ✓ BUG-008 — Live nutrition adapter dropped quantity and catalog provenance
    ✓ BUG-009 — Nutrition persistence could report success after a failed write
    ✓ BUG-010 — Live Nutrition delete could bypass the coherent Preview surface
    ✓ BUG-011 — Fractional servings were inflated by removing the decimal point
    ✓ BUG-012 — Workout could clear its resumable snapshot before durable completion
    ✓ BUG-013 — Workout completion “Back to Today” did not navigate to Today
    ✓ BUG-014 — Measurements promise had no reachable route or usable history
    ✓ BUG-015 — Measurement save/delete could report success or bypass Premium
    ✓ BUG-016 — Machine catalog detail bypassed the exercise deep-link contract
    ✓ BUG-017 — Exercise detail lacked a complete modal and direct-link exit contract
    ✓ BUG-018 — Settings reintroduced an unvalidated manual JSON importer
    ✓ BUG-019 — Settings capabilities and numeral presentation were inconsistent
    ✓ BUG-020 — Profile forked the hardened data-transfer owner
    ✓ BUG-021 — Profile conflated account deletion with guest device-data management
    ✓ BUG-022 — Profile descendants duplicated the route heading and exposed sub-44px controls
    ✓ BUG-023 — The Profile browser proof could accept a foreign process on its fixed port
    ✓ BUG-024 — The Quick Log path threw when storage is blocked
    ✓ BUG-025 — Quick Log «ماء» was a declared action with no consumer
    ✓ BUG-026 — A redirected Quick Log left an intent that hijacked a later visit
    ✓ BUG-027 — The Profile browser proof printed success and then hung forever
    ✓ BUG-028 — A corrupt onboarding flag was read as a completed setup
    ✓ BUG-029 — Focus is not restored after closing exercise detail on WebKit only [tracked OPEN]
    ✓ BUG-030 — Authenticated export fires no download event on WebKit [tracked OPEN]
    ✓ BUG-031 — The key registry named an orphan screen and omitted the live session key
    ✓ BUG-032 — Two orphan screens are read by proof scripts; only one declares the orphanhood [tracked OPEN]
    ✓ BUG-033 — Cancelling the share sheet announced a success that never happened
    ✓ BUG-034 — Two E2E races Chromium hid and WebKit exposed
    ✓ BUG-035 — Touch-target assertion failed on floating-point representation
    ✓ BUG-036 — WebKit page crash under host memory pressure [tracked OPEN]

  ── local data-key registry integrity — every LIVE key is registered
    ✓ every live storage key this harness observed is registered
    ✓ counter-proof: the registry scan really parsed entries
    ✓ the registered active-session key is the one the app actually writes

  ── the ledger file and this suite stay in sync
    ✓ the upstream defect ledger is present
    ✓ no documented defect is left unwatched by this suite
    ⛔ EXTERNALLY_BLOCKED: EXTERNAL-003 — The live account lifecycle has never been proven against a real server — declared EXTERNALLY_BLOCKED upstream; re-verified as still unprovable in this environment
    ⛔ EXTERNALLY_BLOCKED: EXTERNAL-001 — Paid Salla product binding cannot be proven — declared EXTERNALLY_BLOCKED upstream; re-verified as still unprovable in this environment
    ⛔ EXTERNALLY_BLOCKED: EXTERNAL-002 — Live activation backend is unavailable — declared EXTERNALLY_BLOCKED upstream; re-verified as still unprovable in this environment

  ── counter-proof — the ledger assertions are not vacuous
    ✓ the environment-error filter lets EVERY genuine page error through
    ✓ the environment-error filter DOES suppress the exact WebKit sw.js artefact it names
    ✓ the console filter lets EVERY genuine console error through
    ✓ every non-informational entry reads a real source file

──────────────────────────────────────────────────────────────────────────────
▶ p1-preview-user @ chromium

  ── entry → onboarding → personalized reveal
    ✓ landing offers guest entry and reaches the first question
    ✓ reveal shows a personalized plan (day count + session length present)
    ✓ reveal offers BOTH a Premium purchase and a free-preview exit
    ✓ Premium CTA opens externally with noopener noreferrer
    ✓ reveal copy carries no forbidden Premium promise (lifetime / مدى الحياة)
    ✓ declining Premium lands inside the app (Preview), not a dead end

  ── Preview browses every surface (block the action, not the page)
    ✓ #/dashboard is browsable in Preview
    ✓ #/workout is browsable in Preview
    ✓ #/exercises is browsable in Preview
    ✓ #/nutrition is browsable in Preview
    ✓ #/progress is browsable in Preview
    ✓ #/measurements is browsable in Preview
    ✓ #/profile is browsable in Preview
    ✓ #/stats is browsable in Preview
    ✓ #/steps is browsable in Preview
    ✓ #/recovery is browsable in Preview
    ✓ #/settings is browsable in Preview
    ✓ #/calc is browsable in Preview
    ✓ #/privacy is browsable in Preview
    ✓ #/terms is browsable in Preview
    ✓ #/contact is browsable in Preview
    ✓ exercise detail is reachable in Preview and owns the URL

  ── every paid mutation is refused honestly (gate opens · zero writes · no raw exception)
    ✓ workout.start — affordance reachable
    ✓ workout.start — Premium surface opens
    ✓ workout.start — no paid state written
    ✓ workout.start — no raw exception surfaces
    ✓ workout.startEmpty — affordance reachable
    ✓ workout.startEmpty — Premium surface opens
    ✓ workout.startEmpty — no paid state written
    ✓ workout.startEmpty — no raw exception surfaces
    ✓ nutrition.addFood — affordance reachable
    ✓ nutrition.addFood — Premium surface opens
    ✓ nutrition.addFood — no paid state written
    ✓ nutrition.addFood — no raw exception surfaces
    ✓ nutrition.water — affordance reachable
    ✓ nutrition.water — Premium surface opens
    ✓ nutrition.water — no paid state written
    ✓ nutrition.water — no raw exception surfaces
    ✓ recovery.log — affordance reachable
    ✓ recovery.log — Premium surface opens
    ✓ recovery.log — no paid state written
    ✓ recovery.log — no raw exception surfaces
    ✓ progress.logMeasurement — affordance reachable
    ✓ progress.logMeasurement — Premium surface opens
    ✓ progress.logMeasurement — no paid state written
    ✓ progress.logMeasurement — no raw exception surfaces
    ✓ progress.logWeight — affordance reachable
    ✓ progress.logWeight — Premium surface opens
    ✓ progress.logWeight — no paid state written
    ✓ progress.logWeight — no raw exception surfaces
    ✓ nutrition.quickAdd — affordance reachable
    ✓ nutrition.quickAdd — Premium surface opens
    ✓ nutrition.quickAdd — no paid state written
    ✓ nutrition.quickAdd — no raw exception surfaces
    ⛔ EXTERNALLY_BLOCKED: plan.saveEdit (path 1 — Workout custom plan builder) live save — the builder’s «حفظ الجدول» stays disabled until a complete schedule exists; the guard on this path is proved statically by test:access-gate (WorkoutView CustomPlanBuilder.onSave)

  ── plan-edit boundary — the SECOND live path to the same paid state
    ✓ Preview reaching the plan editor opens the Premium surface OR persists nothing
    ✓ the declared paid action `plan.saveEdit` is enforced on EVERY live path, not one

  ── paid actions with no Preview-reachable affordance — classified, not skipped
    ✓ workout.logSet / workout.finish are unreachable because no session was ever written
    ✓ the watched session key set includes the LIVE writer key, not only the registered one
    ✓ nutrition.removeFood / toggleMeal are unreachable because Preview logged zero rows
    ✓ every PAID_ACTION is classified (exercised or reasoned) — none silently skipped

  ── counter-proof — the tracking-key exclusion is not a blanket pass
    ✓ a real paid-state write WOULD be detected by the same diff

  ── numeral policy holds across every LIVE numeric surface (Arabic session)
    ✓ LIVE Nutrition renders its numbers in the Arabic numeral policy
    ✓ LIVE Workout renders its numbers in the Arabic numeral policy
    ✓ LIVE Progress renders its numbers in the Arabic numeral policy
    ✓ the SAME fact (training days per week) uses ONE numeral system on every live screen

  ── page health across the whole journey
    ✓ zero unhandled page errors
    ✓ zero non-benign console errors

──────────────────────────────────────────────────────────────────────────────
▶ p2-premium-test-state @ chromium

  ── forged authority is refused (localStorage · query param · direct store)
    ✓ a localStorage «premium» flag + query parameter do NOT grant entitlement
    ✓ the forged authority wrote no session
    ✓ the entitlement mock store is NOT read from localStorage

  ── activation-code outcomes (sanctioned mock codes)
    ✓ code «QIMMAH-TEST-USED» produces a visible, non-empty outcome
    ✓ code «QIMMAH-TEST-EXPIRED» produces a visible, non-empty outcome
    ✓ code «QIMMAH-TEST-OFFLINE» produces a visible, non-empty outcome
    ✓ code «AAAA-BBBB-CCCC» produces a visible, non-empty outcome
    ✓ code «ZZZZ-YYYY-XXXX» produces a visible, non-empty outcome
    ✓ no oracle: two different unknown codes give the SAME generic message
    ✓ the deliberate fusion holds: an expired code is indistinguishable from an unknown one
    ✓ distinct real outcomes are still distinguished (used ≠ offline ≠ generic)
    ✓ failed codes grant nothing

  ── activated: every legitimate mutation now succeeds and persists
    ✓ valid code reports success
    ✓ nutrition.water — no Premium gate for an entitled user
    ✓ nutrition.water — the write actually landed
    ✓ workout.start — no Premium gate for an entitled user
    ✓ workout.start — the write actually landed

  ── activated: in-session set logging and durable finish
    ✓ workout.logSet writes into the active session
    ✓ workout.finish never loses the session (durable history OR an intact resumable snapshot)

  ── the test seam cannot exist in a production build (live proof)
    ✓ in production the same valid TEST code does NOT activate
    ✓ in production the test code grants no write
    ✓ production reports the honest offline state rather than a fake failure or success

  ── page health
    ✓ no raw exception surfaced during the entitled journey
    ✓ zero unhandled page errors
    ✓ zero non-benign console errors

──────────────────────────────────────────────────────────────────────────────
▶ p3-returning-guest @ chromium
  (capturing the completed-guest seed once …)

  ── reopening lands on the dashboard, not onboarding
    ✓ no onboarding is re-imposed on a completed guest
    ✓ the app renders a populated dashboard
    ✓ the completed-setup flag survived the reopen

  ── the plan itself is retained, not regenerated blank
    ✓ the profile shows a real programme, not an empty shell
    ✓ the workout screen lists the generated plan days

  ── refresh · Back · Forward all preserve state
    ✓ refresh keeps the same plan
    ✓ Back returns to the previously visited route
    ✓ Forward returns to the route left behind
    ✓ browsing destroyed no stored key
    ✓ browsing mutated no user data

  ── a returning guest is still a Preview user
    ✓ the returning guest still meets the Premium boundary
    ✓ the returning guest still writes no paid state

  ── page health
    ✓ no raw exception surfaced
    ✓ zero unhandled page errors
    ✓ zero non-benign console errors

──────────────────────────────────────────────────────────────────────────────
▶ p4-interrupted-onboarding @ chromium

  ── partial answers survive an interruption
    ✓ a draft is persisted mid-flow
    ✓ the interrupted setup is NOT silently marked complete
    ✓ the flow resumes at the EXACT step the user left (intent)
    ✓ the persisted draft still carries the typed body answers
    ✓ the basics step is reachable again through the labelled back control
    ✓ the typed body answers are re-rendered exactly as entered

  ── Back and Forward inside setup do not corrupt the flow
    ✓ browser Back inside setup does not crash or blank the app
    ✓ browser Forward returns into setup, not a completed dashboard
    ✓ Back/Forward did not discard the saved answers

  ── conditional answers clear correctly (BUG-007 live re-run)
    ✓ an adult goal is selected before the attack
    ✓ the basics step is reachable again via the back control
    ✓ lowering age to a minor leaves NO disabled goal still selected
    ✓ the minor restriction is communicated on the goal step
    ✓ the attack produced no unhandled page error

  ── page health
    ✓ zero unhandled page errors (interruption journey)
    ✓ zero non-benign console errors

──────────────────────────────────────────────────────────────────────────────
▶ p5-dirty-state @ chromium

  ── legacy-v5-draft — a draft written by the previous schema version must migrate, not vanish
    ✓ legacy-v5-draft: the app renders instead of blanking
    ✓ legacy-v5-draft: no raw exception text reaches the user
    ✓ legacy-v5-draft: no unhandled page error
    ✓ legacy-v5-draft: every main tab still renders after the corrupt read
    ✓ legacy-v5-draft: zero unhandled page errors after the surface walk

  ── malformed-json — a truncated write must not take the app down
    ✓ malformed-json: the app renders instead of blanking
    ✓ malformed-json: no raw exception text reaches the user
    ✓ malformed-json: no unhandled page error
    ✓ malformed-json: every main tab still renders after the corrupt read
    ✓ malformed-json: zero unhandled page errors after the surface walk

  ── unknown-future-version — a newer schema from a newer build must be refused, never silently reinterpreted
    ✓ unknown-future-version: the app renders instead of blanking
    ✓ unknown-future-version: no raw exception text reaches the user
    ✓ unknown-future-version: no unhandled page error
    ✓ unknown-future-version: every main tab still renders after the corrupt read
    ✓ unknown-future-version: unrelated user data (qimmah:onboarding:v1) was NOT destroyed
    ✓ unknown-future-version: zero unhandled page errors after the surface walk

  ── array-object-mismatch — a store expecting a list handed an object must not corrupt the rest of the device
    ✓ array-object-mismatch: the app renders instead of blanking
    ✓ array-object-mismatch: no raw exception text reaches the user
    ✓ array-object-mismatch: no unhandled page error
    ✓ array-object-mismatch: every main tab still renders after the corrupt read
    ✓ array-object-mismatch: unrelated user data (qimmah:onboarding:profile:v1) was NOT destroyed
    ✓ array-object-mismatch: zero unhandled page errors after the surface walk

  ── primitive-where-object-expected — a scalar in a structured slot must be rejected at the boundary
    ✓ primitive-where-object-expected: the app renders instead of blanking
    ✓ primitive-where-object-expected: no raw exception text reaches the user
    ✓ primitive-where-object-expected: no unhandled page error
    ✓ primitive-where-object-expected: every main tab still renders after the corrupt read
    ✓ primitive-where-object-expected: unrelated user data (qimmah:onboarding:v1) was NOT destroyed
    ✓ primitive-where-object-expected: zero unhandled page errors after the surface walk

  ── stale-active-workout — a foreign/stale session payload must not be resumed as if it were the user’s
    ✓ stale-active-workout: the app renders instead of blanking
    ✓ stale-active-workout: no raw exception text reaches the user
    ✓ stale-active-workout: no unhandled page error
    ✓ stale-active-workout: every main tab still renders after the corrupt read
    ✓ stale-active-workout: unrelated user data (qimmah:onboarding:v1) was NOT destroyed
    ✓ stale-active-workout: zero unhandled page errors after the surface walk

  ── empty-string-values — empty values are a real disk outcome and must read as absent, not as data
    ✓ empty-string-values: the app renders instead of blanking
    ✓ empty-string-values: no raw exception text reaches the user
    ✓ empty-string-values: no unhandled page error
    ✓ empty-string-values: every main tab still renders after the corrupt read
    ✓ empty-string-values: unrelated user data (qimmah:onboarding:v1) was NOT destroyed
    ✓ empty-string-values: zero unhandled page errors after the surface walk

  ── prototype-pollution-payload — untrusted stored JSON must not be able to reach Object.prototype
    ✓ prototype-pollution-payload: the app renders instead of blanking
    ✓ prototype-pollution-payload: no raw exception text reaches the user
    ✓ prototype-pollution-payload: no unhandled page error
    ✓ prototype-pollution-payload: every main tab still renders after the corrupt read
    ✓ prototype-pollution-payload: unrelated user data (qimmah:onboarding:v1) was NOT destroyed
    ✓ prototype-pollution-payload: Object.prototype was not polluted by stored JSON
    ✓ prototype-pollution-payload: zero unhandled page errors after the surface walk

  ── storage quota failure — a refused write must never look like a success
    ✓ the app still boots on a device that refuses every write
    ✓ no raw storage exception reaches the user on boot
    ✓ a refused write destroyed no existing key
    ✓ no raw storage exception reaches the user during a blocked mutation
    ✓ zero unhandled page errors under a fully blocked disk

──────────────────────────────────────────────────────────────────────────────
▶ p6-auth @ chromium

  ── [ar] each auth screen is a real, directly-loadable route
    ✓ [ar] #/login loads directly and owns the URL
    ✓ [ar] #/login renders real content
    ✓ [ar] #/login labels every input (a11y)
    ✓ [ar] #/login sets document direction and language correctly
    ✓ [ar] #/signup loads directly and owns the URL
    ✓ [ar] #/signup renders real content
    ✓ [ar] #/signup labels every input (a11y)
    ✓ [ar] #/signup sets document direction and language correctly
    ✓ [ar] #/forgot loads directly and owns the URL
    ✓ [ar] #/forgot renders real content
    ✓ [ar] #/forgot labels every input (a11y)
    ✓ [ar] #/forgot sets document direction and language correctly

  ── [ar] refresh · Back · Forward across the auth routes
    ✓ [ar] refreshing on #/forgot stays on #/forgot
    ✓ [ar] Back from forgot returns to signup (a real history entry)
    ✓ [ar] Back again returns to login
    ✓ [ar] Forward returns to signup

  ── [ar] invalid input is refused honestly, with no crash
    ✓ [ar] an invalid email is refused without a raw exception
    ✓ [ar] the user is told what is wrong, in a field-level message
    ✓ [ar] a failed submit leaves the user on the auth route
    ✓ [ar] a failed submit wrote no session token

  ── [ar] keyboard reachability
    ✓ [ar] Tab reaches the email field
    ✓ [ar] Tab reaches a submit control
    ✓ [ar] focus never falls off the document

  ── [ar] page health
    ✓ [ar] zero unhandled page errors across auth
    ✓ [ar] zero non-benign console errors across auth

  ── [en] each auth screen is a real, directly-loadable route
    ✓ [en] #/login loads directly and owns the URL
    ✓ [en] #/login renders real content
    ✓ [en] #/login labels every input (a11y)
    ✓ [en] #/login sets document direction and language correctly
    ✓ [en] #/signup loads directly and owns the URL
    ✓ [en] #/signup renders real content
    ✓ [en] #/signup labels every input (a11y)
    ✓ [en] #/signup sets document direction and language correctly
    ✓ [en] #/forgot loads directly and owns the URL
    ✓ [en] #/forgot renders real content
    ✓ [en] #/forgot labels every input (a11y)
    ✓ [en] #/forgot sets document direction and language correctly

  ── [en] refresh · Back · Forward across the auth routes
    ✓ [en] refreshing on #/forgot stays on #/forgot
    ✓ [en] Back from forgot returns to signup (a real history entry)
    ✓ [en] Back again returns to login
    ✓ [en] Forward returns to signup

  ── [en] invalid input is refused honestly, with no crash
    ✓ [en] an invalid email is refused without a raw exception
    ✓ [en] the user is told what is wrong, in a field-level message
    ✓ [en] a failed submit leaves the user on the auth route
    ✓ [en] a failed submit wrote no session token

  ── [en] keyboard reachability
    ✓ [en] Tab reaches the email field
    ✓ [en] Tab reaches a submit control
    ✓ [en] focus never falls off the document

  ── [en] page health
    ✓ [en] zero unhandled page errors across auth
    ✓ [en] zero non-benign console errors across auth

  ── what this environment cannot prove
    ⛔ EXTERNALLY_BLOCKED: real sign-up / sign-in / password reset round trip — requires a live Supabase project; Supabase is a declared no-touch zone for this contract and no staging credentials exist on this machine. Client routing/validation is proved above; server-side behaviour is not.

──────────────────────────────────────────────────────────────────────────────
▶ p7-failure-conditions @ chromium

  ── invalid routes and deep links resolve honestly
    ✓ #/asdf → an unknown route must reach a real 404, not a blank screen
    ✓ #/asdf shows no raw exception
    ✓ #/exercises/does-not-exist → an unknown exercise id must fall back to the library
    ✓ #/exercises/does-not-exist shows no raw exception
    ✓ #/exercises/%E0%A4%A → a malformed percent-encoded id must not throw
    ✓ #/exercises/%E0%A4%A shows no raw exception
    ✓ #/../../etc/passwd → a traversal-shaped hash must not break routing
    ✓ #/../../etc/passwd shows no raw exception
    ✓ #/dashboard?injected=<script>alert(1)</script> → query junk on a hash route must be ignored, never executed
    ✓ #/dashboard?injected=<script>alert(1)</script> shows no raw exception
    ✓ invalid routing produced zero unhandled page errors

  ── the 404 offers a way back rather than trapping the user
    ✓ the 404 screen offers at least one exit control

  ── a lazy route chunk that never arrives must not blank the app
    ✓ the failure injection actually fired (the chunk request was aborted)
    ✓ the shell survives a failed route chunk
    ✓ the user is told something failed rather than shown a blank screen
    ✓ the failure surface exposes no stack trace or raw message
    ✓ the failure surface offers a recovery action
    ✓ a support reference id is offered for correlation (BUG-005 contract)
    ✓ a delivery failure destroyed no stored data
    ✓ the only page errors are the injected import failure itself

  ── going fully offline mid-session
    ✓ already-loaded surfaces keep working offline (local-first)
    ✓ offline navigation shows no raw exception
    ✓ coming back online restores normal navigation
    ✓ offline session produced no unhandled page error beyond the network loss itself

  ── invalid activation input in a production build
    ✓ hostile activation input never crashes the gate
    ✓ a production build grants nothing for ANY code, including the test code
    ✓ every activation attempt returns a visible, non-empty outcome

──────────────────────────────────────────────────────────────────────────────
▶ p8-responsive-matrix @ chromium

  ── 320px (iPhone SE (1st gen) — narrowest supported) · ar
    ✓ 320px/ar: no surface scrolls horizontally
    ✓ 320px/ar: every surface renders content
    ✓ 320px/ar: document direction is rtl
    ✓ 320px/ar: the bottom bar covers no interactive content
    ✓ 320px/ar: the Premium dialog fits its viewport
    ✓ 320px/ar: every Premium dialog control meets the 44px touch target
    ✓ 320px/ar: zero unhandled page errors

  ── 360px (small Android) · ar
    ✓ 360px/ar: no surface scrolls horizontally
    ✓ 360px/ar: every surface renders content
    ✓ 360px/ar: document direction is rtl
    ✓ 360px/ar: the bottom bar covers no interactive content
    ✓ 360px/ar: the Premium dialog fits its viewport
    ✓ 360px/ar: every Premium dialog control meets the 44px touch target
    ✓ 360px/ar: zero unhandled page errors

  ── 375px (iPhone SE (2/3)) · ar
    ✓ 375px/ar: no surface scrolls horizontally
    ✓ 375px/ar: every surface renders content
    ✓ 375px/ar: document direction is rtl
    ✓ 375px/ar: the bottom bar covers no interactive content
    ✓ 375px/ar: the Premium dialog fits its viewport
    ✓ 375px/ar: every Premium dialog control meets the 44px touch target
    ✓ 375px/ar: zero unhandled page errors

  ── 390px (iPhone 12/13/14) · ar
    ✓ 390px/ar: no surface scrolls horizontally
    ✓ 390px/ar: every surface renders content
    ✓ 390px/ar: document direction is rtl
    ✓ 390px/ar: the bottom bar covers no interactive content
    ✓ 390px/ar: the Premium dialog fits its viewport
    ✓ 390px/ar: every Premium dialog control meets the 44px touch target
    ✓ 390px/ar: zero unhandled page errors

  ── 393px (iPhone 15/16) · ar
    ✓ 393px/ar: no surface scrolls horizontally
    ✓ 393px/ar: every surface renders content
    ✓ 393px/ar: document direction is rtl
    ✓ 393px/ar: the bottom bar covers no interactive content
    ✓ 393px/ar: the Premium dialog fits its viewport
    ✓ 393px/ar: every Premium dialog control meets the 44px touch target
    ✓ 393px/ar: zero unhandled page errors

  ── 414px (iPhone 11 / XR) · ar
    ✓ 414px/ar: no surface scrolls horizontally
    ✓ 414px/ar: every surface renders content
    ✓ 414px/ar: document direction is rtl
    ✓ 414px/ar: the bottom bar covers no interactive content
    ✓ 414px/ar: the Premium dialog fits its viewport
    ✓ 414px/ar: every Premium dialog control meets the 44px touch target
    ✓ 414px/ar: zero unhandled page errors

  ── 430px (iPhone Pro Max) · ar
    ✓ 430px/ar: no surface scrolls horizontally
    ✓ 430px/ar: every surface renders content
    ✓ 430px/ar: document direction is rtl
    ✓ 430px/ar: the bottom bar covers no interactive content
    ✓ 430px/ar: the Premium dialog fits its viewport
    ✓ 430px/ar: every Premium dialog control meets the 44px touch target
    ✓ 430px/ar: zero unhandled page errors

  ── 768px (tablet portrait) · ar
    ✓ 768px/ar: no surface scrolls horizontally
    ✓ 768px/ar: every surface renders content
    ✓ 768px/ar: document direction is rtl
    ✓ 768px/ar: the bottom bar covers no interactive content
    ✓ 768px/ar: the Premium dialog fits its viewport
    ✓ 768px/ar: every Premium dialog control meets the 44px touch target
    ✓ 768px/ar: zero unhandled page errors

  ── 1024px (tablet landscape) · ar
    ✓ 1024px/ar: no surface scrolls horizontally
    ✓ 1024px/ar: every surface renders content
    ✓ 1024px/ar: document direction is rtl
    ✓ 1024px/ar: the bottom bar covers no interactive content
    ✓ 1024px/ar: the Premium dialog fits its viewport
    ✓ 1024px/ar: every Premium dialog control meets the 44px touch target
    ✓ 1024px/ar: zero unhandled page errors

  ── 1280px (desktop) · ar
    ✓ 1280px/ar: no surface scrolls horizontally
    ✓ 1280px/ar: every surface renders content
    ✓ 1280px/ar: document direction is rtl
    ✓ 1280px/ar: the bottom bar covers no interactive content
    ✓ 1280px/ar: the Premium dialog fits its viewport
    ✓ 1280px/ar: every Premium dialog control meets the 44px touch target
    ✓ 1280px/ar: zero unhandled page errors

  ── 320px (iPhone SE (1st gen) — narrowest supported) · en
    ✓ 320px/en: no surface scrolls horizontally
    ✓ 320px/en: every surface renders content
    ✓ 320px/en: document direction is ltr
    ✓ 320px/en: the bottom bar covers no interactive content
    ✓ 320px/en: the Premium dialog fits its viewport
    ✓ 320px/en: every Premium dialog control meets the 44px touch target
    ✓ 320px/en: zero unhandled page errors

  ── 360px (small Android) · en
    ✓ 360px/en: no surface scrolls horizontally
    ✓ 360px/en: every surface renders content
    ✓ 360px/en: document direction is ltr
    ✓ 360px/en: the bottom bar covers no interactive content
    ✓ 360px/en: the Premium dialog fits its viewport
    ✓ 360px/en: every Premium dialog control meets the 44px touch target
    ✓ 360px/en: zero unhandled page errors

  ── 375px (iPhone SE (2/3)) · en
    ✓ 375px/en: no surface scrolls horizontally
    ✓ 375px/en: every surface renders content
    ✓ 375px/en: document direction is ltr
    ✓ 375px/en: the bottom bar covers no interactive content
    ✓ 375px/en: the Premium dialog fits its viewport
    ✓ 375px/en: every Premium dialog control meets the 44px touch target
    ✓ 375px/en: zero unhandled page errors

  ── 390px (iPhone 12/13/14) · en
    ✓ 390px/en: no surface scrolls horizontally
    ✓ 390px/en: every surface renders content
    ✓ 390px/en: document direction is ltr
    ✓ 390px/en: the bottom bar covers no interactive content
    ✓ 390px/en: the Premium dialog fits its viewport
    ✓ 390px/en: every Premium dialog control meets the 44px touch target
    ✓ 390px/en: zero unhandled page errors

  ── 393px (iPhone 15/16) · en
    ✓ 393px/en: no surface scrolls horizontally
    ✓ 393px/en: every surface renders content
    ✓ 393px/en: document direction is ltr
    ✓ 393px/en: the bottom bar covers no interactive content
    ✓ 393px/en: the Premium dialog fits its viewport
    ✓ 393px/en: every Premium dialog control meets the 44px touch target
    ✓ 393px/en: zero unhandled page errors

  ── 414px (iPhone 11 / XR) · en
    ✓ 414px/en: no surface scrolls horizontally
    ✓ 414px/en: every surface renders content
    ✓ 414px/en: document direction is ltr
    ✓ 414px/en: the bottom bar covers no interactive content
    ✓ 414px/en: the Premium dialog fits its viewport
    ✓ 414px/en: every Premium dialog control meets the 44px touch target
    ✓ 414px/en: zero unhandled page errors

  ── 430px (iPhone Pro Max) · en
    ✓ 430px/en: no surface scrolls horizontally
    ✓ 430px/en: every surface renders content
    ✓ 430px/en: document direction is ltr
    ✓ 430px/en: the bottom bar covers no interactive content
    ✓ 430px/en: the Premium dialog fits its viewport
    ✓ 430px/en: every Premium dialog control meets the 44px touch target
    ✓ 430px/en: zero unhandled page errors

  ── 768px (tablet portrait) · en
    ✓ 768px/en: no surface scrolls horizontally
    ✓ 768px/en: every surface renders content
    ✓ 768px/en: document direction is ltr
    ✓ 768px/en: the bottom bar covers no interactive content
    ✓ 768px/en: the Premium dialog fits its viewport
    ✓ 768px/en: every Premium dialog control meets the 44px touch target
    ✓ 768px/en: zero unhandled page errors

  ── 1024px (tablet landscape) · en
    ✓ 1024px/en: no surface scrolls horizontally
    ✓ 1024px/en: every surface renders content
    ✓ 1024px/en: document direction is ltr
    ✓ 1024px/en: the bottom bar covers no interactive content
    ✓ 1024px/en: the Premium dialog fits its viewport
    ✓ 1024px/en: every Premium dialog control meets the 44px touch target
    ✓ 1024px/en: zero unhandled page errors

  ── 1280px (desktop) · en
    ✓ 1280px/en: no surface scrolls horizontally
    ✓ 1280px/en: every surface renders content
    ✓ 1280px/en: document direction is ltr
    ✓ 1280px/en: the bottom bar covers no interactive content
    ✓ 1280px/en: the Premium dialog fits its viewport
    ✓ 1280px/en: every Premium dialog control meets the 44px touch target
    ✓ 1280px/en: zero unhandled page errors

──────────────────────────────────────────────────────────────────────────────
▶ p1-preview-user @ webkit

  ── entry → onboarding → personalized reveal
    ✓ landing offers guest entry and reaches the first question
    ✓ reveal shows a personalized plan (day count + session length present)
    ✓ reveal offers BOTH a Premium purchase and a free-preview exit
    ✓ Premium CTA opens externally with noopener noreferrer
    ✓ reveal copy carries no forbidden Premium promise (lifetime / مدى الحياة)
    ✓ declining Premium lands inside the app (Preview), not a dead end

  ── Preview browses every surface (block the action, not the page)
    ✓ #/dashboard is browsable in Preview
    ✓ #/workout is browsable in Preview
    ✓ #/exercises is browsable in Preview
    ✓ #/nutrition is browsable in Preview
    ✓ #/progress is browsable in Preview
    ✓ #/measurements is browsable in Preview
    ✓ #/profile is browsable in Preview
    ✓ #/stats is browsable in Preview
    ✓ #/steps is browsable in Preview
    ✓ #/recovery is browsable in Preview
    ✓ #/settings is browsable in Preview
    ✓ #/calc is browsable in Preview
    ✓ #/privacy is browsable in Preview
    ✓ #/terms is browsable in Preview
    ✓ #/contact is browsable in Preview
    ✓ exercise detail is reachable in Preview and owns the URL

  ── every paid mutation is refused honestly (gate opens · zero writes · no raw exception)
    ✓ workout.start — affordance reachable
    ✓ workout.start — Premium surface opens
    ✓ workout.start — no paid state written
    ✓ workout.start — no raw exception surfaces
    ✓ workout.startEmpty — affordance reachable
    ✓ workout.startEmpty — Premium surface opens
    ✓ workout.startEmpty — no paid state written
    ✓ workout.startEmpty — no raw exception surfaces
    ✓ nutrition.addFood — affordance reachable
    ✓ nutrition.addFood — Premium surface opens
    ✓ nutrition.addFood — no paid state written
    ✓ nutrition.addFood — no raw exception surfaces
    ✓ nutrition.water — affordance reachable
    ✓ nutrition.water — Premium surface opens
    ✓ nutrition.water — no paid state written
    ✓ nutrition.water — no raw exception surfaces
    ✓ recovery.log — affordance reachable
    ✓ recovery.log — Premium surface opens
    ✓ recovery.log — no paid state written
    ✓ recovery.log — no raw exception surfaces
    ✓ progress.logMeasurement — affordance reachable
    ✓ progress.logMeasurement — Premium surface opens
    ✓ progress.logMeasurement — no paid state written
    ✓ progress.logMeasurement — no raw exception surfaces
    ✓ progress.logWeight — affordance reachable
    ✓ progress.logWeight — Premium surface opens
    ✓ progress.logWeight — no paid state written
    ✓ progress.logWeight — no raw exception surfaces
    ✓ nutrition.quickAdd — affordance reachable
    ✓ nutrition.quickAdd — Premium surface opens
    ✓ nutrition.quickAdd — no paid state written
    ✓ nutrition.quickAdd — no raw exception surfaces
    ⛔ EXTERNALLY_BLOCKED: plan.saveEdit (path 1 — Workout custom plan builder) live save — the builder’s «حفظ الجدول» stays disabled until a complete schedule exists; the guard on this path is proved statically by test:access-gate (WorkoutView CustomPlanBuilder.onSave)

  ── plan-edit boundary — the SECOND live path to the same paid state
    ✓ Preview reaching the plan editor opens the Premium surface OR persists nothing
    ✓ the declared paid action `plan.saveEdit` is enforced on EVERY live path, not one

  ── paid actions with no Preview-reachable affordance — classified, not skipped
    ✓ workout.logSet / workout.finish are unreachable because no session was ever written
    ✓ the watched session key set includes the LIVE writer key, not only the registered one
    ✓ nutrition.removeFood / toggleMeal are unreachable because Preview logged zero rows
    ✓ every PAID_ACTION is classified (exercised or reasoned) — none silently skipped

  ── counter-proof — the tracking-key exclusion is not a blanket pass
    ✓ a real paid-state write WOULD be detected by the same diff

  ── numeral policy holds across every LIVE numeric surface (Arabic session)
    ✓ LIVE Nutrition renders its numbers in the Arabic numeral policy
    ✓ LIVE Workout renders its numbers in the Arabic numeral policy
    ✓ LIVE Progress renders its numbers in the Arabic numeral policy
    ✓ the SAME fact (training days per week) uses ONE numeral system on every live screen

  ── page health across the whole journey
    ✓ zero unhandled page errors
    ✓ zero non-benign console errors

──────────────────────────────────────────────────────────────────────────────
▶ p3-returning-guest @ webkit

  ── reopening lands on the dashboard, not onboarding
    ✓ no onboarding is re-imposed on a completed guest
    ✓ the app renders a populated dashboard
    ✓ the completed-setup flag survived the reopen

  ── the plan itself is retained, not regenerated blank
    ✓ the profile shows a real programme, not an empty shell
    ✓ the workout screen lists the generated plan days

  ── refresh · Back · Forward all preserve state
    ✓ refresh keeps the same plan
    ✓ Back returns to the previously visited route
    ✓ Forward returns to the route left behind
    ✓ browsing destroyed no stored key
    ✓ browsing mutated no user data

  ── a returning guest is still a Preview user
    ✓ the returning guest still meets the Premium boundary
    ✓ the returning guest still writes no paid state

  ── page health
    ✓ no raw exception surfaced
    ✓ zero unhandled page errors
    ✓ zero non-benign console errors

──────────────────────────────────────────────────────────────────────────────
▶ p8-responsive-matrix @ webkit

  ── 320px (iPhone SE (1st gen) — narrowest supported) · ar
    ✓ 320px/ar: no surface scrolls horizontally
    ✓ 320px/ar: every surface renders content
    ✓ 320px/ar: document direction is rtl
    ✓ 320px/ar: the bottom bar covers no interactive content
    ✓ 320px/ar: the Premium dialog fits its viewport
    ✓ 320px/ar: every Premium dialog control meets the 44px touch target
    ✓ 320px/ar: zero unhandled page errors

  ── 360px (small Android) · ar
    ✓ 360px/ar: no surface scrolls horizontally
    ✓ 360px/ar: every surface renders content
    ✓ 360px/ar: document direction is rtl
    ✓ 360px/ar: the bottom bar covers no interactive content
    ✓ 360px/ar: the Premium dialog fits its viewport
    ✓ 360px/ar: every Premium dialog control meets the 44px touch target
    ✓ 360px/ar: zero unhandled page errors

  ── 375px (iPhone SE (2/3)) · ar
    ✓ 375px/ar: no surface scrolls horizontally
    ✓ 375px/ar: every surface renders content
    ✓ 375px/ar: document direction is rtl
    ✓ 375px/ar: the bottom bar covers no interactive content
    ✓ 375px/ar: the Premium dialog fits its viewport
    ✓ 375px/ar: every Premium dialog control meets the 44px touch target
    ✓ 375px/ar: zero unhandled page errors

  ── 390px (iPhone 12/13/14) · ar
    ✓ 390px/ar: no surface scrolls horizontally
    ✓ 390px/ar: every surface renders content
    ✓ 390px/ar: document direction is rtl
    ✓ 390px/ar: the bottom bar covers no interactive content
    ✓ 390px/ar: the Premium dialog fits its viewport
    ✓ 390px/ar: every Premium dialog control meets the 44px touch target
    ✓ 390px/ar: zero unhandled page errors

  ── 393px (iPhone 15/16) · ar
    ✓ 393px/ar: no surface scrolls horizontally
    ✓ 393px/ar: every surface renders content
    ✓ 393px/ar: document direction is rtl
    ✓ 393px/ar: the bottom bar covers no interactive content
    ✓ 393px/ar: the Premium dialog fits its viewport
    ✓ 393px/ar: every Premium dialog control meets the 44px touch target
    ✓ 393px/ar: zero unhandled page errors

  ── 414px (iPhone 11 / XR) · ar
    ✓ 414px/ar: no surface scrolls horizontally
    ✓ 414px/ar: every surface renders content
    ✓ 414px/ar: document direction is rtl
    ✓ 414px/ar: the bottom bar covers no interactive content
    ✓ 414px/ar: the Premium dialog fits its viewport
    ✓ 414px/ar: every Premium dialog control meets the 44px touch target
    ✓ 414px/ar: zero unhandled page errors

  ── 430px (iPhone Pro Max) · ar
    ✓ 430px/ar: no surface scrolls horizontally
    ✓ 430px/ar: every surface renders content
    ✓ 430px/ar: document direction is rtl
    ✓ 430px/ar: the bottom bar covers no interactive content
    ✓ 430px/ar: the Premium dialog fits its viewport
    ✓ 430px/ar: every Premium dialog control meets the 44px touch target
    ✓ 430px/ar: zero unhandled page errors

  ── 768px (tablet portrait) · ar
    ✓ 768px/ar: no surface scrolls horizontally
    ✓ 768px/ar: every surface renders content
    ✓ 768px/ar: document direction is rtl
    ✓ 768px/ar: the bottom bar covers no interactive content
    ✓ 768px/ar: the Premium dialog fits its viewport
    ✓ 768px/ar: every Premium dialog control meets the 44px touch target
    ✓ 768px/ar: zero unhandled page errors

  ── 1024px (tablet landscape) · ar
    ✓ 1024px/ar: no surface scrolls horizontally
    ✓ 1024px/ar: every surface renders content
    ✓ 1024px/ar: document direction is rtl
    ✓ 1024px/ar: the bottom bar covers no interactive content
    ✓ 1024px/ar: the Premium dialog fits its viewport
    ✓ 1024px/ar: every Premium dialog control meets the 44px touch target
    ✓ 1024px/ar: zero unhandled page errors

  ── 1280px (desktop) · ar
    ✓ 1280px/ar: no surface scrolls horizontally
    ✓ 1280px/ar: every surface renders content
    ✓ 1280px/ar: document direction is rtl
    ✓ 1280px/ar: the bottom bar covers no interactive content
    ✓ 1280px/ar: the Premium dialog fits its viewport
    ✓ 1280px/ar: every Premium dialog control meets the 44px touch target
    ✓ 1280px/ar: zero unhandled page errors

  ── 320px (iPhone SE (1st gen) — narrowest supported) · en
    ✓ 320px/en: no surface scrolls horizontally
    ✓ 320px/en: every surface renders content
    ✓ 320px/en: document direction is ltr
    ✓ 320px/en: the bottom bar covers no interactive content
    ✓ 320px/en: the Premium dialog fits its viewport
    ✓ 320px/en: every Premium dialog control meets the 44px touch target
    ✓ 320px/en: zero unhandled page errors

  ── 360px (small Android) · en
    ✓ 360px/en: no surface scrolls horizontally
    ✓ 360px/en: every surface renders content
    ✓ 360px/en: document direction is ltr
    ✓ 360px/en: the bottom bar covers no interactive content
    ✓ 360px/en: the Premium dialog fits its viewport
    ✓ 360px/en: every Premium dialog control meets the 44px touch target
    ✓ 360px/en: zero unhandled page errors

  ── 375px (iPhone SE (2/3)) · en
    ✓ 375px/en: no surface scrolls horizontally
    ✓ 375px/en: every surface renders content
    ✓ 375px/en: document direction is ltr
    ✓ 375px/en: the bottom bar covers no interactive content
    ✓ 375px/en: the Premium dialog fits its viewport
    ✓ 375px/en: every Premium dialog control meets the 44px touch target
    ✓ 375px/en: zero unhandled page errors

  ── 390px (iPhone 12/13/14) · en
    ✓ 390px/en: no surface scrolls horizontally
    ✓ 390px/en: every surface renders content
    ✓ 390px/en: document direction is ltr
    ✓ 390px/en: the bottom bar covers no interactive content
    ✓ 390px/en: the Premium dialog fits its viewport
    ✓ 390px/en: every Premium dialog control meets the 44px touch target
    ✓ 390px/en: zero unhandled page errors

  ── 393px (iPhone 15/16) · en
    ✓ 393px/en: no surface scrolls horizontally
    ✓ 393px/en: every surface renders content
    ✓ 393px/en: document direction is ltr
    ✓ 393px/en: the bottom bar covers no interactive content
    ✓ 393px/en: the Premium dialog fits its viewport
    ✓ 393px/en: every Premium dialog control meets the 44px touch target
    ✓ 393px/en: zero unhandled page errors

  ── 414px (iPhone 11 / XR) · en
    ✓ 414px/en: no surface scrolls horizontally
    ✓ 414px/en: every surface renders content
    ✓ 414px/en: document direction is ltr
    ✓ 414px/en: the bottom bar covers no interactive content
    ✓ 414px/en: the Premium dialog fits its viewport
    ✓ 414px/en: every Premium dialog control meets the 44px touch target
    ✓ 414px/en: zero unhandled page errors

  ── 430px (iPhone Pro Max) · en
    ✓ 430px/en: no surface scrolls horizontally
    ✓ 430px/en: every surface renders content
    ✓ 430px/en: document direction is ltr
    ✓ 430px/en: the bottom bar covers no interactive content
    ✓ 430px/en: the Premium dialog fits its viewport
    ✓ 430px/en: every Premium dialog control meets the 44px touch target
    ✓ 430px/en: zero unhandled page errors

  ── 768px (tablet portrait) · en
    ✓ 768px/en: no surface scrolls horizontally
    ✓ 768px/en: every surface renders content
    ✓ 768px/en: document direction is ltr
    ✓ 768px/en: the bottom bar covers no interactive content
    ✓ 768px/en: the Premium dialog fits its viewport
    ✓ 768px/en: every Premium dialog control meets the 44px touch target
    ✓ 768px/en: zero unhandled page errors

  ── 1024px (tablet landscape) · en
    ✓ 1024px/en: no surface scrolls horizontally
    ✓ 1024px/en: every surface renders content
    ✓ 1024px/en: document direction is ltr
    ✓ 1024px/en: the bottom bar covers no interactive content
    ✓ 1024px/en: the Premium dialog fits its viewport
    ✓ 1024px/en: every Premium dialog control meets the 44px touch target
    ✓ 1024px/en: zero unhandled page errors

  ── 1280px (desktop) · en
    ✓ 1280px/en: no surface scrolls horizontally
    ✓ 1280px/en: every surface renders content
    ✓ 1280px/en: document direction is ltr
    ✓ 1280px/en: the bottom bar covers no interactive content
    ✓ 1280px/en: the Premium dialog fits its viewport
    ✓ 1280px/en: every Premium dialog control meets the 44px touch target
    ✓ 1280px/en: zero unhandled page errors

══════════════════════════════════════════════════════════════════════════════
✅ static-bundle-safety                           pass  26 · fail  0 · blocked 0
✅ static-regression-ledger                       pass  45 · fail  0 · blocked 3
✅ p1-preview-user (chromium)                     pass  67 · fail  0 · blocked 1
✅ p2-premium-test-state (chromium)               pass  25 · fail  0 · blocked 0
✅ p3-returning-guest (chromium)                  pass  15 · fail  0 · blocked 0
✅ p4-interrupted-onboarding (chromium)           pass  16 · fail  0 · blocked 0
✅ p5-dirty-state (chromium)                      pass  52 · fail  0 · blocked 0
✅ p6-auth (chromium)                             pass  50 · fail  0 · blocked 1
✅ p7-failure-conditions (chromium)               pass  27 · fail  0 · blocked 0
✅ p8-responsive-matrix (chromium)                pass 140 · fail  0 · blocked 0
✅ p1-preview-user (webkit)                       pass  67 · fail  0 · blocked 1
✅ p3-returning-guest (webkit)                    pass  15 · fail  0 · blocked 0
✅ p8-responsive-matrix (webkit)                  pass 140 · fail  0 · blocked 0
──────────────────────────────────────────────────────────────────────────────
TOTAL  pass 685 · fail 0 · externally-blocked 6
evidence → docs/execution/qimmah-postweb/release/evidence/latest.json
══════════════════════════════════════════════════════════════════════════════
